exports[`runJobs() integration should render simple job with success 1`] = `
<JobsProvider>
  <FooWithJob>
    <Foo
      job={
        Object {
          "error": undefined,
          "inProgress": false,
          "result": "bob",
        }
      }>
      <div>
        bob
      </div>
    </Foo>
  </FooWithJob>
</JobsProvider>
`;
