exports[`withJob() rendering should set the "result" immediately if the work does not return a promise 1`] = `
<FooWithJob>
  <Foo
    job={
      Object {
        "completed": true,
        "error": undefined,
        "inProgress": false,
        "result": "bob",
      }
    }>
    <div>
      bob
    </div>
  </Foo>
</FooWithJob>
`;
